[22:24:09] [INFO] ================================================================================
[22:24:09] [INFO] Script: step_02_q1009
[22:24:09] [INFO] Started: 2026-08-07T22:24:09.204093
[22:24:09] [INFO] ================================================================================
[22:24:09] [SUCCESS] === GATE 2R: IMMUTABLE Q1009 FIT VERIFICATION ===
[22:24:09] [INFO] 
[22:24:09] [INFO] ================================================================================
[22:24:09] [INFO] 
--- Data Manifest ---
[22:24:09] [INFO] ================================================================================
[22:24:09] [INFO] 
[22:24:09] [PROCESS] wave_hash: e9ad9d7f8702f8a3d3a804e74889ba2421fc5f2ed733530a3da0914806c1ab38
[22:24:09] [PROCESS] flux_hash: bd64c2e618cd0145ae49b870c824b788a5b3268f797be13a5078fc71e918e2c2
[22:24:09] [PROCESS] err_hash: 6f97570884decf32e4b4eff423fc462eb0ce66ef7cf668d32de72f2d09536c52
[22:24:09] [PROCESS] likelihood_cfg: {'hash': '5dc0fcf10b8177c7575bee3c6b66adfe', 'mu_sys_corrected': 0.09588536285236063, 'model': 'student_t', 'nu': 2.331259566054082, 'scale': 0.8046430742999215, 'location': 0.0}
[22:24:09] [INFO] 
[22:24:09] [INFO] ================================================================================
[22:24:09] [INFO] 
--- Fitting M_Dfree ---
[22:24:09] [INFO] ================================================================================
[22:24:09] [INFO] 
[22:24:16] [PROCESS] M_Dfree LL: -17932.13 (success=True)
[22:24:16] [INFO] 
[22:24:16] [INFO] ================================================================================
[22:24:16] [INFO] 
--- Fitting M_Hfree (Multistart) ---
[22:24:16] [INFO] ================================================================================
[22:24:16] [INFO] 
[22:24:37] [PROCESS]  Start 0: LL=-17893.21 | converged=True | v_H=-131.89
[22:25:03] [PROCESS]  Start 1: LL=-17893.21 | converged=True | v_H=-131.89
[22:25:25] [PROCESS]  Start 2: LL=-18108.88 | converged=True | v_H=-79.82
[22:25:29] [PROCESS]  Start 3: LL=-18108.88 | converged=True | v_H=-79.34
[22:25:29] [PROCESS] M_Hfree Global Best LL: -17893.21
[22:25:29] [INFO] 
[22:25:29] [INFO] ================================================================================
[22:25:29] [INFO] 
--- Profiling M_Hfree Velocity Optimum ---
[22:25:29] [INFO] ================================================================================
[22:25:29] [INFO] 
[22:25:36] [PROCESS] v_H profile array length: 11. Confirming distinct minimum.
[22:25:36] [INFO] 
[22:25:36] [INFO] ================================================================================
[22:25:36] [INFO] 
--- Reconstructing M_Hfree inside M_D+H space ---
[22:25:36] [INFO] ================================================================================
[22:25:36] [INFO] 
[22:25:37] [PROCESS] LL(M_Hfree) = -17893.2120
[22:25:37] [PROCESS] LL(M_D+H | logN_D=0.0, H_params=best_H) = -17893.2120
[22:25:37] [INFO] 
[22:25:37] [INFO] ================================================================================
[22:25:37] [INFO] 
--- Independent Optimization M_D+H ---
[22:25:37] [INFO] ================================================================================
[22:25:37] [INFO] 
[22:25:47] [PROCESS] M_D+H LL: -17893.21 (success=True)
[22:25:47] [SUCCESS] 
[SUCCESS] Ledger saved to /Users/matthewsmawfield/www/Temporal Equivalence Principle/TEP-BBN/results/gate2_parameter_ledger.json
[22:25:47] [SUCCESS]   [OK] 98.0s
[22:25:47] [PROCESS] [RUN] step_03_significance: Gate 3R: Genuine Monte Carlo Calibration
